---
source: crates/codegen/intellihelper-pager/src/app/status_blocks.rs
assertion_line: 343
expression: text
---
Session usage (since start or last resume)
· Input:    1,234,567 (1,000,000 cached)
· Output:   45,678 (12,000 reasoning)
· Total:    1,280,245 · calls: 42
· API time: 3m12s
· Cost:     $1.2345
